src/app/(dashboard)/plans/[id]/construction/page.tsx(209,15): error TS2345: Argument of type '{ title: string; description: string; variant: string; }' is not assignable to parameter of type 'string'.
src/app/(dashboard)/plans/[id]/construction/page.tsx(237,13): error TS2345: Argument of type '{ title: string; description: string; variant: string; }' is not assignable to parameter of type 'string'.
src/app/(dashboard)/plans/[id]/construction/page.tsx(244,13): error TS2345: Argument of type '{ title: string; description: string; }' is not assignable to parameter of type 'string'.
